%!Adobe-FontList 1.13
%Locale:0x409

%BeginFont
Handler:DirectoryHandler
FontType:Type1
FontName:HelveticaNeueLTPro-Lt
FamilyName:Helvetica Neue LT Pro
StyleName:45 Light
MenuName:HelveticaNeueLT Pro 45 Lt
StyleBits:0
WeightClass:300
WidthClass:5
AngleClass:0
FullName:Helvetica Neue LT Pro 45 Light
WritingScript:Roman
OutlineFileName:\HelveticaNeueLTPro-Lt.otf
DataFormat:sfntData
UsesStandardEncoding:yes
isCFF:yes
FileLength:47948
FileModTime:1207544078
%EndFont

%BeginFont
Handler:DirectoryHandler
FontType:Type1
FontName:HelveticaNeueLTPro-Roman
FamilyName:Helvetica Neue LT Pro
StyleName:55 Roman
MenuName:HelveticaNeueLT Pro 55 Roman
StyleBits:0
WeightClass:400
WidthClass:5
AngleClass:0
FullName:Helvetica Neue LT Pro 55 Roman
WritingScript:Roman
OutlineFileName:\HelveticaNeueLTPro-Roman.otf
DataFormat:sfntData
UsesStandardEncoding:yes
isCFF:yes
FileLength:48408
FileModTime:1207544078
%EndFont

%BeginFont
Handler:DirectoryHandler
FontType:Type1
FontName:HelveticaNeueLTPro-UltLt
FamilyName:Helvetica Neue LT Pro
StyleName:25 Ultra Light
MenuName:HelveticaNeueLT Pro 25 UltLt
StyleBits:0
WeightClass:275
WidthClass:5
AngleClass:0
FullName:Helvetica Neue LT Pro 25 Ultra Light
WritingScript:Roman
OutlineFileName:\HelveticaNeueLTPro-UltLt.otf
DataFormat:sfntData
UsesStandardEncoding:yes
isCFF:yes
FileLength:48368
FileModTime:1207544078
%EndFont

%BeginFont
Handler:DirectoryHandler
FontType:Type1
FontName:HelveticaNeueLTPro-Blk
FamilyName:Helvetica Neue LT Pro
StyleName:95 Black
MenuName:HelveticaNeueLT Pro 95 Blk
StyleBits:0
WeightClass:900
WidthClass:5
AngleClass:0
FullName:Helvetica Neue LT Pro 95 Black
WritingScript:Roman
OutlineFileName:\HelveticaNeueLTPro-Blk.otf
DataFormat:sfntData
UsesStandardEncoding:yes
isCFF:yes
FileLength:47968
FileModTime:1207544078
%EndFont

%BeginFont
Handler:DirectoryHandler
FontType:Type1
FontName:HelveticaNeueLTPro-Hv
FamilyName:Helvetica Neue LT Pro
StyleName:85 Heavy
MenuName:HelveticaNeueLT Pro 85 Hv
StyleBits:0
WeightClass:750
WidthClass:5
AngleClass:0
FullName:Helvetica Neue LT Pro 85 Heavy
WritingScript:Roman
OutlineFileName:\HelveticaNeueLTPro-Hv.otf
DataFormat:sfntData
UsesStandardEncoding:yes
isCFF:yes
FileLength:48992
FileModTime:1207544078
%EndFont

%BeginFont
Handler:DirectoryHandler
FontType:Type1
FontName:HelveticaNeueLTPro-BdIt
FamilyName:Helvetica Neue LT Pro
StyleName:76 Bold Italic
MenuName:HelveticaNeueLT Pro 76 BdIt
StyleBits:0
WeightClass:700
WidthClass:5
AngleClass:0
FullName:Helvetica Neue LT Pro 76 Bold Italic
WritingScript:Roman
OutlineFileName:\HelveticaNeueLTPro-BdIt.otf
DataFormat:sfntData
UsesStandardEncoding:yes
isCFF:yes
FileLength:47432
FileModTime:1207544078
%EndFont

%BeginFont
Handler:DirectoryHandler
FontType:Type1
FontName:HelveticaNeueLTPro-UltLtCn
FamilyName:Helvetica Neue LT Pro
StyleName:27 Ultra Light Condensed
MenuName:HelveticaNeueLT Pro 27 UltLtCn
StyleBits:0
WeightClass:275
WidthClass:5
AngleClass:0
FullName:Helvetica Neue LT Pro 27 Ultra Light Condensed
WritingScript:Roman
OutlineFileName:\HelveticaNeueLTPro-UltLtCn.otf
DataFormat:sfntData
UsesStandardEncoding:yes
isCFF:yes
FileLength:49232
FileModTime:1207544078
%EndFont

%BeginFont
Handler:DirectoryHandler
FontType:Type1
FontName:HelveticaNeueLTPro-It
FamilyName:Helvetica Neue LT Pro
StyleName:56 Italic
MenuName:HelveticaNeueLT Pro 56 It
StyleBits:0
WeightClass:400
WidthClass:5
AngleClass:0
FullName:Helvetica Neue LT Pro 56 Italic
WritingScript:Roman
OutlineFileName:\HelveticaNeueLTPro-It.otf
DataFormat:sfntData
UsesStandardEncoding:yes
isCFF:yes
FileLength:48044
FileModTime:1207544078
%EndFont

%BeginFont
Handler:DirectoryHandler
FontType:Type1
FontName:HelveticaNeueLTPro-Bd
FamilyName:Helvetica Neue LT Pro
StyleName:75 Bold
MenuName:HelveticaNeueLT Pro 75 Bd
StyleBits:0
WeightClass:700
WidthClass:5
AngleClass:0
FullName:Helvetica Neue LT Pro 75 Bold
WritingScript:Roman
OutlineFileName:\HelveticaNeueLTPro-Bd.otf
DataFormat:sfntData
UsesStandardEncoding:yes
isCFF:yes
FileLength:48860
FileModTime:1207544078
%EndFont

%BeginFont
Handler:DirectoryHandler
FontType:Type1
FontName:HelveticaNeueLTPro-UltLtIt
FamilyName:Helvetica Neue LT Pro
StyleName:26 Ultra Light Italic
MenuName:HelveticaNeueLT Pro 26 UltLtIt
StyleBits:0
WeightClass:275
WidthClass:5
AngleClass:0
FullName:Helvetica Neue LT Pro 26 Ultra Light Italic
WritingScript:Roman
OutlineFileName:\HelveticaNeueLTPro-UltLtIt.otf
DataFormat:sfntData
UsesStandardEncoding:yes
isCFF:yes
FileLength:48296
FileModTime:1207544078
%EndFont

